
   WARN  Metadata found in doc-comment for method Tests\Feature\Api\VoucherApiControllerTest::it_can_get_a_list_of_vouchers(). Metadata in doc-comments is deprecated and will no longer be supported in PHPUnit 12. Update your test code to use attributes instead.

   WARN  Metadata found in doc-comment for method Tests\Feature\Api\VoucherApiControllerTest::it_can_filter_active_vouchers(). Metadata in doc-comments is deprecated and will no longer be supported in PHPUnit 12. Update your test code to use attributes instead.

   WARN  Metadata found in doc-comment for method Tests\Feature\Api\VoucherApiControllerTest::it_can_create_a_voucher(). Metadata in doc-comments is deprecated and will no longer be supported in PHPUnit 12. Update your test code to use attributes instead.

   WARN  Metadata found in doc-comment for method Tests\Feature\Api\VoucherApiControllerTest::it_can_get_a_single_voucher(). Metadata in doc-comments is deprecated and will no longer be supported in PHPUnit 12. Update your test code to use attributes instead.

   WARN  Metadata found in doc-comment for method Tests\Feature\Api\VoucherApiControllerTest::it_can_update_a_voucher(). Metadata in doc-comments is deprecated and will no longer be supported in PHPUnit 12. Update your test code to use attributes instead.

   WARN  Metadata found in doc-comment for method Tests\Feature\Api\VoucherApiControllerTest::it_can_delete_a_voucher(). Metadata in doc-comments is deprecated and will no longer be supported in PHPUnit 12. Update your test code to use attributes instead.

   FAIL  Tests\Feature\StaffPerformanceTest
  Ô¿» can get all staff performance       11.88s  
  Ô¿» can get individual staff performancÔÇª 0.20s  
  Ô¿» date range filtering                 0.20s  
  Ô£ô authorization checks                 0.45s  
  ÔöÇÔöÇÔöÇÔöÇÔöÇÔöÇÔöÇÔöÇÔöÇÔöÇÔöÇÔöÇÔöÇÔöÇÔöÇÔöÇÔöÇÔöÇÔöÇÔöÇÔöÇÔöÇÔöÇÔöÇÔöÇÔöÇÔöÇÔöÇÔöÇÔöÇÔöÇÔöÇÔöÇÔöÇÔöÇÔöÇÔöÇÔöÇÔöÇÔöÇÔöÇÔöÇÔöÇÔöÇ  
   FAILED  Tests\Feature\StaÔÇª  QueryException   
  SQLSTATE[HY000]: General error: 1 table services has no column named note (Connection: sqlite, SQL: insert into "services" ("workshop_uuid", "customer_uuid", "vehicle_uuid", "mechanic_uuid", "code", "name", "description", "status", "category_service", "scheduled_date", "estimated_time", "price", "reason", "feedback_mechanic", "note", "assigned_to_user_id", "completed_at", "id", "updated_at", "created_at") values (019ae797-0a74-7038-87ac-d28bc3c14507, 019ae797-0a98-73a0-ae79-62c7b07ce494, 019ae797-0a9e-720b-9254-27dc064431b7, 019ae797-0aab-7190-a544-0e1aa21e61a4, WO-011-112025, Rerum incidunt neque quisquam., Inventore officiis ipsum officiis neque quo. Reiciendis eos quis nostrum numquam. Earum repudiandae ea tempore sint similique hic sed. Aspernatur eveniet vitae quaerat consequatur consequatur fugit., completed, ringan, 2025-12-05 11:20:26, 2025-12-05 13:20:26, 100000, Sit dicta quaerat harum iste alias dolorem amet., Voluptas aliquam mollitia vel autem ad., Ipsum est sint repellat sapiente animi in impedit., 019ae797-0a78-70a8-9a9c-b0cc1b17536e, 2025-12-04 11:20:26, 019ae797-0ae1-73bf-a5d7-5aab91c4ad3f, 2025-12-04 11:20:26, 2025-12-04 11:20:26))

  at vendor\laravel\framework\src\Illuminate\Database\Connection.php:564
    560Ôûò             if ($this->pretending()) {
    561Ôûò                 return true;
    562Ôûò             }
    563Ôûò 
  Ô×£ 564Ôûò             $statement = $this->getPdo()->prepare($query);
    565Ôûò 
    566Ôûò             $this->bindValues($statement, $this->prepareBindings($bindings));
    567Ôûò 
    568Ôûò             $this->recordsHaveBeenModified();

  1   vendor\laravel\framework\src\Illuminate\Database\Connection.php:564
  2   vendor\laravel\framework\src\Illuminate\Database\Connection.php:811

  ÔöÇÔöÇÔöÇÔöÇÔöÇÔöÇÔöÇÔöÇÔöÇÔöÇÔöÇÔöÇÔöÇÔöÇÔöÇÔöÇÔöÇÔöÇÔöÇÔöÇÔöÇÔöÇÔöÇÔöÇÔöÇÔöÇÔöÇÔöÇÔöÇÔöÇÔöÇÔöÇÔöÇÔöÇÔöÇÔöÇÔöÇÔöÇÔöÇÔöÇÔöÇÔöÇÔöÇÔöÇ  
   FAILED  Tests\Feature\StaÔÇª  QueryException   
  SQLSTATE[HY000]: General error: 1 table services has no column named note (Connection: sqlite, SQL: insert into "services" ("workshop_uuid", "customer_uuid", "vehicle_uuid", "mechanic_uuid", "code", "name", "description", "status", "category_service", "scheduled_date", "estimated_time", "price", "reason", "feedback_mechanic", "note", "assigned_to_user_id", "completed_at", "id", "updated_at", "created_at") values (019ae797-0c35-7129-978e-3ab3bf9d5912, 019ae797-0c44-73f3-83ca-1c1c3623fe67, 019ae797-0c4b-724f-a756-3440250a56b5, 019ae797-0c5b-70ab-84f4-89acf02dc79c, WO-313-112025, Exercitationem libero aut., Voluptatem similique corporis doloribus cum. Ratione ex ipsa et occaecati. Quae dignissimos ipsa qui eius et nobis deserunt., completed, berat, 2025-12-08 11:20:27, 2025-12-05 13:20:27, 150000, Voluptas voluptatem nesciunt aperiam suscipit necessitatibus est., Modi itaque voluptas recusandae praesentium dolorem aut., Quos a atque laboriosam error occaecati rerum est., 019ae797-0c38-72fe-bb03-342751a8f6fa, 2025-12-04 11:20:27, 019ae797-0c61-73e3-a1fd-0367f6af25ae, 2025-12-04 11:20:27, 2025-12-04 11:20:27))

  at vendor\laravel\framework\src\Illuminate\Database\Connection.php:564
    560Ôûò             if ($this->pretending()) {
    561Ôûò                 return true;
    562Ôûò             }
    563Ôûò 
  Ô×£ 564Ôûò             $statement = $this->getPdo()->prepare($query);
    565Ôûò 
    566Ôûò             $this->bindValues($statement, $this->prepareBindings($bindings));
    567Ôûò 
    568Ôûò             $this->recordsHaveBeenModified();

  1   vendor\laravel\framework\src\Illuminate\Database\Connection.php:564
  2   vendor\laravel\framework\src\Illuminate\Database\Connection.php:811

  ÔöÇÔöÇÔöÇÔöÇÔöÇÔöÇÔöÇÔöÇÔöÇÔöÇÔöÇÔöÇÔöÇÔöÇÔöÇÔöÇÔöÇÔöÇÔöÇÔöÇÔöÇÔöÇÔöÇÔöÇÔöÇÔöÇÔöÇÔöÇÔöÇÔöÇÔöÇÔöÇÔöÇÔöÇÔöÇÔöÇÔöÇÔöÇÔöÇÔöÇÔöÇÔöÇÔöÇÔöÇ  
   FAILED  Tests\Feature\StaÔÇª  QueryException   
  SQLSTATE[HY000]: General error: 1 table services has no column named note (Connection: sqlite, SQL: insert into "services" ("workshop_uuid", "customer_uuid", "vehicle_uuid", "mechanic_uuid", "code", "name", "description", "status", "category_service", "scheduled_date", "estimated_time", "price", "reason", "feedback_mechanic", "note", "assigned_to_user_id", "completed_at", "id", "updated_at", "created_at") values (019ae797-0d0d-7155-9579-45cd931f4dbd, 019ae797-0d20-7222-9e41-fffd3c8f94c8, 019ae797-0d27-73d8-8b49-4c331d5f17b6, 019ae797-0d32-70b2-8315-11509f530424, WO-168-112025, Repellat dolorem est., Atque necessitatibus modi perspiciatis officiis recusandae quia. Sed voluptate cumque id at. Iure fuga magni harum commodi quas consequatur ut., completed, ringan, 2025-12-06 11:20:27, 2025-12-09 13:20:27, 100000, Est earum molestiae voluptas praesentium eum labore hic ut., Esse et doloribus aut cumque eos., Adipisci ipsum cum repellat nemo., 019ae797-0d11-706a-9c4a-737b8e564369, 2025-11-04 11:20:27, 019ae797-0d36-7063-a19e-6b9c3346e5a2, 2025-12-04 11:20:27, 2025-12-04 11:20:27))

  at vendor\laravel\framework\src\Illuminate\Database\Connection.php:564
    560Ôûò             if ($this->pretending()) {
    561Ôûò                 return true;
    562Ôûò             }
    563Ôûò 
  Ô×£ 564Ôûò             $statement = $this->getPdo()->prepare($query);
    565Ôûò 
    566Ôûò             $this->bindValues($statement, $this->prepareBindings($bindings));
    567Ôûò 
    568Ôûò             $this->recordsHaveBeenModified();

  1   vendor\laravel\framework\src\Illuminate\Database\Connection.php:564
  2   vendor\laravel\framework\src\Illuminate\Database\Connection.php:811


  Tests:    3 failed, 1 passed (1 assertions)
  Duration: 15.97s

